// Jest Snapshot v1, https://goo.gl/fbAQLP

exports[`generateNestedToc should generate a bulleted Table of Contents 1`] = `
"## Table of Contents

- [Introduction](#introduction)
   - [Getting Started](#getting-started)
      - [Requirements](#requirements)
      - [Quick Start](#quick-start)
   - [Installation](#installation)
      - [Using npm](#using-npm)
      - [Using Docker](#using-docker)
   - [Usage](#usage)
      - [Basic Example](#basic-example)
      - [Advanced Configuration](#advanced-configuration)
   - [API Reference](#api-reference)
      - [Authentication](#authentication)
      - [Endpoints](#endpoints)
      - [Error Codes](#error-codes)
   - [Examples](#examples)
   - [Troubleshooting](#troubleshooting)
   - [FAQ](#faq)
   - [License](#license)"
`;

exports[`generateNestedToc should generate a numbered Table of Contents 1`] = `
"## Table of Contents

1. [Introduction](#introduction)
   1.1. [Getting Started](#getting-started)
      1.1.1. [Requirements](#requirements)
      1.1.2. [Quick Start](#quick-start)
   1.2. [Installation](#installation)
      1.2.1. [Using npm](#using-npm)
      1.2.2. [Using Docker](#using-docker)
   1.3. [Usage](#usage)
      1.3.1. [Basic Example](#basic-example)
      1.3.2. [Advanced Configuration](#advanced-configuration)
   1.4. [API Reference](#api-reference)
      1.4.1. [Authentication](#authentication)
      1.4.2. [Endpoints](#endpoints)
      1.4.3. [Error Codes](#error-codes)
   1.5. [Examples](#examples)
   1.6. [Troubleshooting](#troubleshooting)
   1.7. [FAQ](#faq)
   1.8. [License](#license)"
`;

exports[`generateTOC should generate a bulleted Table of Contents 1`] = `"## Table of Contents"`;

exports[`generateTOC should generate a numbered Table of Contents 1`] = `"## Table of Contents"`;
